# All .microsoft domains
.microsoft

# All .hotmail domains
.hotmail

# All .office domains
.office

# All .skype domains
.skype

# All .windows domains
.windows

microsoft.az
microsoft.be
microsoft.by
microsoft.ca
microsoft.cat
microsoft.ch
microsoft.cl
microsoft.com
microsoft.cz
microsoft.de
microsoft.dk
microsoft.ee
microsoft.es
microsoft.eu
microsoft.fi
microsoft.ge
microsoft.hu
microsoft.io
microsoft.is
microsoft.it
microsoft.jp
microsoft.lt
microsoft.lu
microsoft.lv
microsoft.md
microsoft.net
microsoft.pl
microsoft.pt
microsoft.red
microsoft.ro
microsoft.rs
microsoft.ru
microsoft.se
microsoft.si
microsoft.tv
microsoft.ua
microsoft.uz
microsoft.vn

# M12
femalefounderscomp.com
m12.vc

# Others
a-msedge.net
aka.ms
ankarazirvesi2018.com
applicationinsights.io
applicationinsights.net
aria.ms
asp.net
aspnetcdn.com
binads.com
bluehatil.com
boswp.com
brazilpartneruniversity.com
breakdown.me
c-msedge.net
centralvalidation.com
ch9.ms
charticulator.com
cloudapp.net
cloudappsecurity.com
cortanaanalytics.com
cortanaskills.com
crmdynint-gcc.com
crmdynint.com
crossborderexpansion.com
docs.com
dynamics.cn
dynamics.com
efproject.net
engkoo.com
exp-tas.com
fasttrackreadysupport.com
fluidpreview.com
footprintdns.com
gameuxmasterguide.com
gears5.com
gearspop.com
gearstactics.com
gfx.ms
gigjam.com
hololens.com
hotmail.co
hotmail.com
hotmail.eu
hotmail.net
hotmail.org
hummingbird.ms
ie10.com
ie11.com
ie8.co
ie9.com
imaginecup.pl
ingads.com
internetexplorer.co
internetexplorer.com
intunewiki.com
iotinactionevents.com
kidgrid.tv
kumo.com
l-msedge.net
latampartneruniversity.com
live.com
live.com.au
live.eu
live.net
livingyourambition.com
lync.cn
makecode.org
managedmeetingrooms.com
meetfasttrack.com
meetyourdevices.com
mepn.com
microsoftedgeinsider.com
microsoft-falcon.io
microsoft-int.com
microsoft-ppe.com
microsoft-sap-events.com
microsoft-sbs-domains.com
microsoft-smb.cn
microsoft365.com
microsoftaccountguard.com
microsoftadvertising.com
microsoftadvertisingregionalawards.com
microsoftaffiliates.com
microsoftapp.net
microsoftcloud.com
microsoftcloudworkshop.com
microsoftcommunitytraining.com
microsoftedge.com
microsofthouse.com
microsofthouse.net
microsoftinternetsafety.net
microsoftlatamaitour.com
microsoftlinc.com
microsoftonline-i.cn
microsoftonline-m-i.cn
microsoftonline-m.cn
microsoftonline-p-i.cn
microsoftonline-p-i.net.cn
microsoftonline-p.cn
microsoftonline-p.com
microsoftonline-p.net.cn
microsoftonline.cn
microsoftonline.com
microsoftpartnercommunity.com
microsoftpersonalcontent.com
microsoftready.com
microsoftsiteselection.com
microsoftstore.com
microsoftstore.com.cn
microsoftstore.com.hk
microsoftstream.com
microsoftteams.com
microsofttradein.com
microsofttranslator-int.cn
microsofttranslator.com
microsoftuwp.com
momentumms.com
morphcharts.com
mpnevolution.com
ms-studiosmedia.com
ms365surfaceoffer.com
msauth.cn
msauth.net
msauthimages.cn
mschallenge2018.com
msecnd.net
msedge.net
msft.info
msft.net
msftauth.cn
msftauth.net
msftauthimages.cn
msftauthimages.net
msftconnecttest.com
msfteducation.ca
msftncsi.com
msftnet.org
msgamesresearch.com
msgamestudios.com
mshome.net
msidentity.com
msocdn.com
mspil.cn
msra.cn
msturing.org
msudalosti.com
mymicrosoft.com
nextechafrica.net
nxta.org
o365cn.com
o365files.cn
o365weve-dev.com
o365weve-ppe.com
o365weve.com
office.com
office.net
office365-net.cn
office365.cn
office365.com
officeplus.cn
officewebapps.cn
onenote.com
onenote.net
onestore.ms
onmschina.cn
opticsforthecloud.net
outingsapp.com
outlook.cn
outlook.com
passport.net
pbiwebcontent.cn
pixapp.net
powerapps.cn
powerappscdn.net
powerappsportals.cn
powerautomate.cn
powerautomate.com
powerbi.cn
powerbi.com
powershellgallery.com
projectmurphy.net
projectsangam.com
pxt.io
s-dc-msedge.net
s-microsoft.com
s-msedge.net
s-msft.com
s-msn.com
sfbassets.com
sfbassets.net
sfx.ms
sharepoint.cn
sharepoint.com
sharepointonline.com
signalr.net
skype.com
skype.net
skypeassets.com
skypeassets.net
spo-msedge.net
staffhub.ms
successwithteams.com
surface.com
svc.ms
sway-cdn.com
sway.com
sysinternals.com
t-msedge.net
tailwindtraders.com
techhub.ms
tfsallin.net
translatetheweb.com
unlocklimitlesslearning.com
userpxt.io
videobreakdown.com
videoindexer.ai
virtualearth.net
vsallin.net
wbd.ms
what-fan.net
windows-int.net
windows.com
windows.net
windows.nl
windows8.hk
windowscommunity.net
windowsmarketplace.com
windowsphone-int.com
windowsphone.com
windowssearch.com
windowsupdate.com
winhec.com
winhec.net
yammer.com

# CDN
skype-edf.akadns.net
skypedata.akadns.net
full:img-prod-cms-rt-microsoft-com.akamaized.net
full:img-s-msn-com.akamaized.net
full:mwf-service.akamaized.net
full:officecdn-microsoft-com.akamaized.net
full:statics-marketingsites-eas-ms-com.akamaized.net
full:statics-marketingsites-eus-ms-com.akamaized.net
full:statics-marketingsites-wcus-ms-com.akamaized.net